LTspice 26.0.2 for Windows
Circuit: C:\Users\chris\AppData\Local\Temp\ae073_long_58niclm_\case.cir
Start Time: Thu Sep 24 16:49:16 2026
solver = Normal
Maximum thread count: 16
tnom = 27
temp = 27
method = trap
dd: Emission coefficient, N=0.01, too small, this might lead to numerical problems.
Per .tran options, skipping operating point for transient analysis.
Changing Tseed to 1e-08
Changing Tseed to 1e-10
Changing Tseed to 1e-07
Changing Tseed to 1e-11
Changing Tseed to 1e-06
Changing Tseed to 1e-12
Changing Tseed to 1e-05
Changing Tseed to 1e-13
Changing Tseed to 0.0001
Changing Tseed to 1e-14
Changing Tseed to 0.001
Changing Tseed to 1e-15
Total elapsed time: 2.816 seconds.

Files loaded:
C:\Users\chris\AppData\Local\Temp\ae073_long_58niclm_\case.cir
C:\Users\chris\Dropbox\000_Projects\000_Audio\Shellac\simulation\psu\models\wrappers\lm317_shellac_psu.lib
C:\Users\chris\Dropbox\000_Projects\000_Audio\Shellac\simulation\psu\models\wrappers\lm337_shellac_psu.lib

w04_vp: AVG(V(VOUTP) )=9.27609656968 FROM 0.3 TO 0.4
w04_vn: AVG(V(VOUTN) )=-9.10277561234 FROM 0.3 TO 0.4
w04_op: AVG(V(OP) )=-7.57944387519 FROM 0.3 TO 0.4
w04_on: AVG(V(ON) )=7.75333938438 FROM 0.3 TO 0.4
w04_adjp: AVG(V(ADJP) )=8.02500270959 FROM 0.3 TO 0.4
w04_adjn: AVG(V(ADJN) )=-7.8517342857 FROM 0.3 TO 0.4
w04_rawp: AVG(V(RAWP) )=19.5444220268 FROM 0.3 TO 0.4
w04_rawn: AVG(V(RAWN) )=-19.5522356204 FROM 0.3 TO 0.4
w04_nmp: AVG(V(NMP) )=4.7096824689 FROM 0.3 TO 0.4
w04_nmn: AVG(V(NMN) )=-4.50007947419 FROM 0.3 TO 0.4
w04_iprog_p: AVG(I(RADJP) )=0.00571275732659 FROM 0.3 TO 0.4
w04_iprog_n: AVG(I(RADJN) )=-0.00579185799647 FROM 0.3 TO 0.4
w04_irset_p: AVG(I(RSETP) )=-0.00570546492554 FROM 0.3 TO 0.4
w04_irset_n: AVG(I(RSETN) )=0.00579898687116 FROM 0.3 TO 0.4
w10_vp: AVG(V(VOUTP) )=9.63761647585 FROM 0.9 TO 1
w10_vn: AVG(V(VOUTN) )=-9.63152779503 FROM 0.9 TO 1
w10_op: AVG(V(OP) )=-6.87267308358 FROM 0.9 TO 1
w10_on: AVG(V(ON) )=6.84217397373 FROM 0.9 TO 1
w10_adjp: AVG(V(ADJP) )=8.38660227217 FROM 0.9 TO 1
w10_adjn: AVG(V(ADJN) )=-8.38060722479 FROM 0.9 TO 1
w10_rawp: AVG(V(RAWP) )=19.5289305836 FROM 0.9 TO 1
w10_rawn: AVG(V(RAWN) )=-19.5318305143 FROM 0.9 TO 1
w10_nmp: AVG(V(NMP) )=7.19756134227e-05 FROM 0.9 TO 1
w10_nmn: AVG(V(NMN) )=-6.79535778766e-05 FROM 0.9 TO 1
w10_iprog_p: AVG(I(RADJP) )=0.00571239353971 FROM 0.9 TO 1
w10_iprog_n: AVG(I(RADJN) )=-0.00579129899009 FROM 0.9 TO 1
w10_irset_p: AVG(I(RSETP) )=-0.00557925972703 FROM 0.9 TO 1
w10_irset_n: AVG(I(RSETN) )=0.00565692351591 FROM 0.9 TO 1
w20_vp: AVG(V(VOUTP) )=13.7687435613 FROM 1.9 TO 2
w20_vn: AVG(V(VOUTN) )=-13.7459440994 FROM 1.9 TO 2
w20_op: AVG(V(OP) )=-2.93940631686 FROM 1.9 TO 2
w20_on: AVG(V(ON) )=2.92636373292 FROM 1.9 TO 2
w20_adjp: AVG(V(ADJP) )=12.5183507811 FROM 1.9 TO 2
w20_adjn: AVG(V(ADJN) )=-12.4956441435 FROM 1.9 TO 2
w20_rawp: AVG(V(RAWP) )=19.3102015182 FROM 1.9 TO 2
w20_rawn: AVG(V(RAWN) )=-19.3106385009 FROM 1.9 TO 2
w20_nmp: AVG(V(NMP) )=3.40602991511e-05 FROM 1.9 TO 2
w20_nmn: AVG(V(NMN) )=-2.98298146846e-05 FROM 1.9 TO 2
w20_iprog_p: AVG(I(RADJP) )=0.00570955606009 FROM 1.9 TO 2
w20_iprog_n: AVG(I(RADJN) )=-0.00578842569778 FROM 1.9 TO 2
w20_irset_p: AVG(I(RSETP) )=-0.00565183075772 FROM 1.9 TO 2
w20_irset_n: AVG(I(RSETN) )=0.00573095796112 FROM 1.9 TO 2
w40_vp: AVG(V(VOUTP) )=16.2949493926 FROM 3.9 TO 4
w40_vn: AVG(V(VOUTN) )=-16.2596307103 FROM 3.9 TO 4
w40_op: AVG(V(OP) )=-0.5391049536 FROM 3.9 TO 4
w40_on: AVG(V(ON) )=0.535990241826 FROM 3.9 TO 4
w40_adjp: AVG(V(ADJP) )=15.0447803782 FROM 3.9 TO 4
w40_adjn: AVG(V(ADJN) )=-15.0095543049 FROM 3.9 TO 4
w40_rawp: AVG(V(RAWP) )=19.1864614621 FROM 3.9 TO 4
w40_rawn: AVG(V(RAWN) )=-19.1874427636 FROM 3.9 TO 4
w40_nmp: AVG(V(NMP) )=1.0860622693e-05 FROM 3.9 TO 4
w40_nmn: AVG(V(NMN) )=-6.54126888059e-06 FROM 3.9 TO 4
w40_iprog_p: AVG(I(RADJP) )=0.00570853419131 FROM 3.9 TO 4
w40_iprog_n: AVG(I(RADJN) )=-0.0057873908502 FROM 3.9 TO 4
w40_irset_p: AVG(I(RSETP) )=-0.00569794711064 FROM 3.9 TO 4
w40_irset_n: AVG(I(RSETN) )=0.00577686531154 FROM 3.9 TO 4
w80_vp: AVG(V(VOUTP) )=16.8433619856 FROM 7.9 TO 8
w80_vn: AVG(V(VOUTN) )=-16.8044702505 FROM 7.9 TO 8
w80_op: AVG(V(OP) )=-0.0181387095158 FROM 7.9 TO 8
w80_on: AVG(V(ON) )=0.0179917981034 FROM 7.9 TO 8
w80_adjp: AVG(V(ADJP) )=15.593232649 FROM 7.9 TO 8
w80_adjn: AVG(V(ADJN) )=-15.5544333821 FROM 7.9 TO 8
w80_rawp: AVG(V(RAWP) )=19.1605905827 FROM 7.9 TO 8
w80_rawn: AVG(V(RAWN) )=-19.1617209633 FROM 7.9 TO 8
w80_nmp: AVG(V(NMP) )=5.83210879436e-06 FROM 7.9 TO 8
w80_nmn: AVG(V(NMN) )=-1.4883340131e-06 FROM 7.9 TO 8
w80_iprog_p: AVG(I(RADJP) )=0.00570835318765 FROM 7.9 TO 8
w80_iprog_n: AVG(I(RADJN) )=-0.00578720770551 FROM 7.9 TO 8
w80_irset_p: AVG(I(RSETP) )=-0.0057079968387 FROM 7.9 TO 8
w80_irset_n: AVG(I(RSETN) )=0.00578685439731 FROM 7.9 TO 8
w80_vp_min: MIN(V(VOUTP) )=16.8425398002 FROM 7.9 TO 8
w80_vp_max: MAX(V(VOUTP) )=16.8441581726 FROM 7.9 TO 8
w80_vn_min: MIN(V(VOUTN) )=-16.8052597046 FROM 7.9 TO 8
w80_vn_max: MAX(V(VOUTN) )=-16.8036546836 FROM 7.9 TO 8
